Sun Apr  5 11:13:19 AM AEST 2026: Completed chendayr.html (1)
Sun Apr  5 11:13:27 AM AEST 2026: Completed chendbeaudesert.html (2)
Sun Apr  5 11:13:35 AM AEST 2026: Completed chendbiggenden.html (3)
Sun Apr  5 11:13:52 AM AEST 2026: Completed chendbollon.html (4)
Sun Apr  5 11:14:16 AM AEST 2026: Completed chendBoonah.html (5)
Sun Apr  5 11:14:41 AM AEST 2026: Completed chendbowen.html (6)
Sun Apr  5 11:15:33 AM AEST 2026: Completed chendbundaberg.html (7)
Sun Apr  5 11:15:49 AM AEST 2026: Completed chendchilders.html (8)
Sun Apr  5 11:15:56 AM AEST 2026: Completed chendcollinsville.html (9)
Sun Apr  5 11:19:27 AM AEST 2026: Completed A1928_635-20_SECTION_2_Leprosy_Qld.html (1)
Sun Apr  5 11:19:41 AM AEST 2026: Completed chendcooktown1947-1951.html (10)
Sun Apr  5 11:21:40 AM AEST 2026: Completed A1928_635-20_SECTION_3_Leprosy_Qld_Q.html (2)
Sun Apr  5 11:21:52 AM AEST 2026: Completed A58972-4_Prisioners.html (3)
Sun Apr  5 11:23:31 AM AEST 2026: Completed A58972-5_Leper.html (4)
Sun Apr  5 11:23:35 AM AEST 2026: Completed chendcooktown1951-1954.html (11)
Sun Apr  5 11:23:55 AM AEST 2026: Completed chenddaintreemission.html (12)
Sun Apr  5 11:24:02 AM AEST 2026: Completed A58972-6_Mental.html (5)
Sun Apr  5 11:24:04 AM AEST 2026: Completed chenddalby.html (13)
Sun Apr  5 11:24:11 AM AEST 2026: Completed chenddirranbandi.html (14)
Sun Apr  5 11:24:15 AM AEST 2026: Completed chendduchess.html (15)
Sun Apr  5 11:25:00 AM AEST 2026: Completed chendeidsvold.html (16)
Sun Apr  5 11:25:08 AM AEST 2026: Completed chendgayndah.html (17)
Sun Apr  5 11:25:17 AM AEST 2026: Completed chendgoomeri.html (18)
Sun Apr  5 11:25:24 AM AEST 2026: Completed chendgoondiwindi.html (19)
Sun Apr  5 11:25:50 AM AEST 2026: Completed chendhebel.html (20)
Sun Apr  5 11:26:39 AM AEST 2026: Completed chendherberton.html (21)
Sun Apr  5 11:27:00 AM AEST 2026: Completed chendhoward.html (22)
Sun Apr  5 11:27:33 AM AEST 2026: Completed chendipswich.html (23)
Sun Apr  5 11:27:43 AM AEST 2026: Completed chendkilkivan.html (24)
Sun Apr  5 11:27:52 AM AEST 2026: Completed chendkingaroy.html (25)
Sun Apr  5 11:28:04 AM AEST 2026: Completed chendlongreach.html (26)
Sun Apr  5 11:28:10 AM AEST 2026: Completed chendmackay.html (27)
Sun Apr  5 11:30:28 AM AEST 2026: Completed qldpalcardwell.html (batch5-1)
Sun Apr  5 11:31:31 AM AEST 2026: Completed qldpal.html (batch5-2)
Sun Apr  5 11:31:41 AM AEST 2026: Completed chendmaryborough.html (28)
Sun Apr  5 11:31:46 AM AEST 2026: Completed qldpalingham.html (batch5-3)
Sun Apr  5 11:31:49 AM AEST 2026: Completed chendmitchell.html (29)
Sun Apr  5 11:32:13 AM AEST 2026: Completed chendmonto.html (30)
Sun Apr  5 11:32:36 AM AEST 2026: Completed chendmossman.html (31)
Sun Apr  5 11:32:56 AM AEST 2026: Completed chendmountmorgan.html (32)
Sun Apr  5 11:33:03 AM AEST 2026: Completed chendmountmulligan.html (33)
Sun Apr  5 11:33:09 AM AEST 2026: Completed chendmountsurprise.html (34)
Sun Apr  5 11:33:27 AM AEST 2026: Completed chendmundubbera.html (35)
Sun Apr  5 11:33:32 AM AEST 2026: Completed chendmungindi.html (36)
Sun Apr  5 11:33:42 AM AEST 2026: Completed chendnebo.html (37)
Sun Apr  5 11:33:51 AM AEST 2026: Completed chendnocundra.html (38)
Sun Apr  5 11:34:02 AM AEST 2026: Completed chendnormanton.html (39)
Sun Apr  5 11:34:40 AM AEST 2026: Completed qldpalnebo.html (batch5-4)
Sun Apr  5 11:35:13 AM AEST 2026: Completed qldpalroma.html (batch5-5)
Sun Apr  5 11:35:20 AM AEST 2026: Completed chendpialba.html (40)
Sun Apr  5 11:35:28 AM AEST 2026: Completed chendpomona.html (41)
Sun Apr  5 11:35:49 AM AEST 2026: Completed chendproston.html (42)
Sun Apr  5 11:36:01 AM AEST 2026: Completed chendredbank.html (43)
Sun Apr  5 11:36:07 AM AEST 2026: Completed chendrolleston.html (44)
Sun Apr  5 11:36:14 AM AEST 2026: Completed qldpalwindorah.html (batch5-6)
Sun Apr  5 11:36:33 AM AEST 2026: Completed chendrosedale.html (45)
Sun Apr  5 11:36:39 AM AEST 2026: Completed chendsilkwood.html (46)
Sun Apr  5 11:36:44 AM AEST 2026: Completed chendsouthjohnstone.html (47)
Sun Apr  5 11:36:50 AM AEST 2026: Completed qldphillips.html (batch5-7)
Sun Apr  5 11:36:56 AM AEST 2026: Completed chendspringsure.html (48)
Sun Apr  5 11:37:02 AM AEST 2026: Completed chendsurat.html (49)
Sun Apr  5 11:37:22 AM AEST 2026: Completed chendtalwood.html (50)
Sun Apr  5 11:37:30 AM AEST 2026: Completed chendthallon.html (51)
Sun Apr  5 11:37:33 AM AEST 2026: Completed qldplb.html (batch5-8)
Sun Apr  5 11:37:36 AM AEST 2026: Completed chendthargomindah.html (52)
Sun Apr  5 11:37:37 AM AEST 2026: Completed qldpol.html (batch5-9)
Sun Apr  5 11:37:58 AM AEST 2026: Completed chendtheodore.html (53)
Sun Apr  5 11:38:38 AM AEST 2026: Completed exem1908_1936.html (batch4-1)
Sun Apr  5 11:47:04 AM AEST 2026: Completed exem1936_1941.html (batch4-2)
Sun Apr  5 12:00:05 PM AEST 2026: Completed chendthursdayisland.html (54)
Sun Apr  5 12:00:43 PM AEST 2026: Completed chendtoowoomba.html (55)
Sun Apr  5 12:00:50 PM AEST 2026: Completed chendyarraman.html (56)
Sun Apr  5 12:01:15 PM AEST 2026: Completed CoE-Cairns.html (57)
Sun Apr  5 12:02:12 PM AEST 2026: Completed A58973_Qld_Deaths_1910_1928.html (6)
Sun Apr  5 12:03:52 PM AEST 2026: Completed A69079MtGarnetWages.html (7)
Sun Apr  5 12:04:49 PM AEST 2026: Completed A886_C174_Leprosy_Pensions_Q.html (8)
Sun Apr  5 12:04:58 PM AEST 2026: Completed audalpha.html (9)
Sun Apr  5 12:05:20 PM AEST 2026: Completed audatherton.html (10)
Sun Apr  5 12:05:40 PM AEST 2026: Completed audaugathella.html (11)
Sun Apr  5 12:06:21 PM AEST 2026: Completed audayr.html (12)
Sun Apr  5 12:07:02 PM AEST 2026: Completed audbabinda.html (13)
Sun Apr  5 12:07:03 PM AEST 2026: Completed qldqpp1.html (batch5-10)
Sun Apr  5 12:07:08 PM AEST 2026: Completed qldrem.html (batch5-11)
Sun Apr  5 12:07:11 PM AEST 2026: Completed audbanana.html (14)
Sun Apr  5 12:07:27 PM AEST 2026: Completed audbaralaba.html (15)
Sun Apr  5 12:07:49 PM AEST 2026: Completed audbirdsville.html (16)
Sun Apr  5 12:07:59 PM AEST 2026: Completed audboulia.html (17)
Sun Apr  5 12:08:43 PM AEST 2026: Completed audbowen.html (18)
Sun Apr  5 12:11:00 PM AEST 2026: Completed CoE-Doomadgee.html (58)
Sun Apr  5 12:13:52 PM AEST 2026: Completed audcairns.html (19)
Sun Apr  5 12:14:30 PM AEST 2026: Completed audcamooweal.html (20)
Sun Apr  5 12:15:08 PM AEST 2026: Completed audcharterstowers.html (21)
Sun Apr  5 12:19:10 PM AEST 2026: Completed CoE-Hope_Vale.html (59)
Sun Apr  5 12:19:16 PM AEST 2026: Completed coeindex.html (60)
Sun Apr  5 12:22:29 PM AEST 2026: Completed audcherbourg1.html (22)
Sun Apr  5 12:23:58 PM AEST 2026: Completed audcherbourg2.html (23)
Sun Apr  5 12:28:00 PM AEST 2026: Completed audcherbourg3.html (24)
Sun Apr  5 12:28:08 PM AEST 2026: Completed audclermont.html (25)
Sun Apr  5 12:29:12 PM AEST 2026: Completed audcloncurry.html (26)
Sun Apr  5 12:30:10 PM AEST 2026: Completed CoE-Mitchell_River.html (61)
Sun Apr  5 12:32:10 PM AEST 2026: Completed audcoen.html (27)
Sun Apr  5 12:32:34 PM AEST 2026: Completed audcollinsville.html (28)
Sun Apr  5 12:34:47 PM AEST 2026: Completed audcooktown.html (29)
Sun Apr  5 12:35:18 PM AEST 2026: Completed audcroydon.html (30)
Sun Apr  5 12:35:25 PM AEST 2026: Completed auddirranbandi.html (31)
Sun Apr  5 12:36:27 PM AEST 2026: Completed auddoomadgee.html (32)
Sun Apr  5 12:36:33 PM AEST 2026: Completed audduaringa.html (33)
Sun Apr  5 12:36:58 PM AEST 2026: Completed audedmonton.html (34)
Sun Apr  5 12:37:06 PM AEST 2026: Completed auderomanga.html (35)
Sun Apr  5 12:37:16 PM AEST 2026: Completed audforsayth.html (36)
Sun Apr  5 12:37:29 PM AEST 2026: Completed audgeorgetown.html (37)
Sun Apr  5 12:37:37 PM AEST 2026: Completed audgladstone.html (38)
Sun Apr  5 12:37:55 PM AEST 2026: Completed audgoondiwindi.html (39)
Sun Apr  5 12:38:31 PM AEST 2026: Completed audgordonvale.html (40)
Sun Apr  5 12:38:45 PM AEST 2026: Completed audgregorydowns.html (41)
Sun Apr  5 12:39:04 PM AEST 2026: Completed audherberton.html (42)
Sun Apr  5 12:39:13 PM AEST 2026: Completed exem1942_1967.html (batch4-3)
Sun Apr  5 12:39:16 PM AEST 2026: Completed audhopevale.html (43)
Sun Apr  5 12:39:28 PM AEST 2026: Completed audhughenden.html (44)
Sun Apr  5 12:40:11 PM AEST 2026: Completed audindex.html (45)
Sun Apr  5 12:40:43 PM AEST 2026: Completed exemdeclaration.html (batch4-4)
Sun Apr  5 12:41:26 PM AEST 2026: Completed CoE-Mornington_Island.html (62)
Sun Apr  5 12:41:35 PM AEST 2026: Completed audingham.html (46)
Sun Apr  5 12:41:54 PM AEST 2026: Completed audinnisfail.html (47)
Sun Apr  5 12:42:04 PM AEST 2026: Completed audjuliacreek.html (48)
Sun Apr  5 12:42:15 PM AEST 2026: Completed audkidston.html (49)
Sun Apr  5 12:42:28 PM AEST 2026: Completed audkuridala.html (50)
Sun Apr  5 12:43:01 PM AEST 2026: Completed audlaura.html (51)
Sun Apr  5 12:43:24 PM AEST 2026: Completed audlongreach.html (52)
Sun Apr  5 12:43:41 PM AEST 2026: Completed audmackay.html (53)
Sun Apr  5 12:43:50 PM AEST 2026: Completed audmalanda.html (54)
Sun Apr  5 12:44:26 PM AEST 2026: Completed audmareeba.html (55)
Sun Apr  5 12:44:53 PM AEST 2026: Completed audmaryborough.html (56)
Sun Apr  5 12:45:02 PM AEST 2026: Completed audmaytown.html (57)
Sun Apr  5 12:45:42 PM AEST 2026: Completed audmillaamillaa.html (58)
Sun Apr  5 12:45:52 PM AEST 2026: Completed audmitchell.html (59)
Sun Apr  5 12:46:01 PM AEST 2026: Completed audmonamona.html (60)
Sun Apr  5 12:46:05 PM AEST 2026: Completed audmorningtonis.html (61)
Sun Apr  5 12:46:55 PM AEST 2026: Completed audmossman.html (62)
Sun Apr  5 12:47:13 PM AEST 2026: Completed audmtgarnet.html (63)
Sun Apr  5 12:47:18 PM AEST 2026: Completed audmtmolloy.html (64)
Sun Apr  5 12:47:28 PM AEST 2026: Completed audmtmorgan.html (65)
Sun Apr  5 12:47:34 PM AEST 2026: Completed CoE-Weipa.html (63)
Sun Apr  5 12:47:40 PM AEST 2026: Completed audmtmulligan.html (66)
Sun Apr  5 12:48:18 PM AEST 2026: Completed audmungana.html (67)
Sun Apr  5 12:48:23 PM AEST 2026: Completed audmungindi.html (68)
Sun Apr  5 12:48:43 PM AEST 2026: Completed audnebo.html (69)
Sun Apr  5 12:48:49 PM AEST 2026: Completed audnocundra.html (70)
Sun Apr  5 12:51:24 PM AEST 2026: Completed audnormanton.html (71)
Sun Apr  5 12:53:01 PM AEST 2026: Completed qldremovalsmod.html (batch5-12)
Sun Apr  5 12:53:55 PM AEST 2026: Completed qldtb1.html (batch5-13)
Sun Apr  5 12:54:38 PM AEST 2026: Completed qldtb2.html (batch5-14)
Sun Apr  5 12:54:44 PM AEST 2026: Completed qldtrackerindex.html (batch5-15)
Sun Apr  5 12:58:43 PM AEST 2026: Completed exemptions1947.html (batch4-5)
Sun Apr  5 12:58:45 PM AEST 2026: Completed audpalmisland.html (72)
Sun Apr  5 12:59:30 PM AEST 2026: Completed audportdouglas.html (73)
Sun Apr  5 12:59:44 PM AEST 2026: Completed audproserpine.html (74)
Sun Apr  5 01:00:48 PM AEST 2026: Completed audpurga.html (75)
Sun Apr  5 01:01:02 PM AEST 2026: Completed audquilpie.html (76)
Sun Apr  5 01:01:43 PM AEST 2026: Completed audravenshoe.html (77)
Sun Apr  5 01:01:58 PM AEST 2026: Completed Coloured_Labour_and_Asiatic_Aliens_in_Queensland_1913_1.html (64)
Sun Apr  5 01:02:01 PM AEST 2026: Completed audrichmond.html (78)
Sun Apr  5 01:02:06 PM AEST 2026: Completed qldtrackers1.html (batch5-16)
Sun Apr  5 01:02:22 PM AEST 2026: Completed audrockhampton.html (79)
Sun Apr  5 01:02:29 PM AEST 2026: Completed audroma.html (80)
Sun Apr  5 01:02:48 PM AEST 2026: Completed audsilkwood.html (81)
Sun Apr  5 01:02:58 PM AEST 2026: Completed audspringsure.html (82)
Sun Apr  5 01:03:11 PM AEST 2026: Completed audstgeorge.html (83)
Sun Apr  5 01:03:33 PM AEST 2026: Completed audstlawrence.html (84)
Sun Apr  5 01:06:13 PM AEST 2026: Completed audtaroom.html (85)
Sun Apr  5 01:09:09 PM AEST 2026: Completed qldtrackers2.html (batch5-17)
Sun Apr  5 01:09:37 PM AEST 2026: Completed qldtrackers3.html (batch5-18)
Sun Apr  5 01:10:36 PM AEST 2026: Completed qldtrackersci1.html (batch5-19)
Sun Apr  5 01:11:07 PM AEST 2026: Completed audthursdayisland.html (86)
Sun Apr  5 01:11:10 PM AEST 2026: Completed qldtrackersci2.html (batch5-20)
Sun Apr  5 01:11:17 PM AEST 2026: Completed audtoowoomba.html (87)
Sun Apr  5 01:11:55 PM AEST 2026: Completed qldtrackersci3.html (batch5-21)
Sun Apr  5 01:12:25 PM AEST 2026: Completed HomeOfficeExemptions1912-1935.html (batch4-6)
Sun Apr  5 01:13:14 PM AEST 2026: Completed qldtrackersmisc.html (batch5-22)
Sun Apr  5 01:16:09 PM AEST 2026: Completed qldtrackersrations.html (batch5-23)
Sun Apr  5 01:16:13 PM AEST 2026: Completed qldtsi.html (batch5-24)
Sun Apr  5 01:16:34 PM AEST 2026: Completed qldwcb.html (batch5-25)
Sun Apr  5 01:16:56 PM AEST 2026: Completed qldWW1.html (batch5-26)
Sun Apr  5 01:20:13 PM AEST 2026: Completed homeoffice.html (batch4-7)
Sun Apr  5 01:20:13 PM AEST 2026: Completed Coloured_Labour_and_Asiatic_Aliens_in_Queensland_1913_2.html (65)
Sun Apr  5 01:20:41 PM AEST 2026: Completed audtownsville.html (88)
Sun Apr  5 01:20:49 PM AEST 2026: Completed audtully.html (89)
Sun Apr  5 01:21:09 PM AEST 2026: Completed audtumoulin.html (90)
Sun Apr  5 01:21:27 PM AEST 2026: Completed audturnofflagoons.html (91)
Sun Apr  5 01:21:34 PM AEST 2026: Completed audwindorah.html (92)
Sun Apr  5 01:21:54 PM AEST 2026: Completed audwinton.html (93)
Sun Apr  5 01:23:30 PM AEST 2026: Completed inservice1908.html (batch4-8)
Sun Apr  5 01:23:31 PM AEST 2026: Completed RegInwardsCorres.html (batch5-27)
Sun Apr  5 01:23:44 PM AEST 2026: Completed James_Mills_1915.html (batch4-9)
Sun Apr  5 01:23:46 PM AEST 2026: Completed Relief_Boulia.html (batch5-28)
Sun Apr  5 01:23:56 PM AEST 2026: Completed Relief_Burketown.html (batch5-29)
Sun Apr  5 01:24:13 PM AEST 2026: Completed Relief_Coen_1944.html (batch5-30)
Sun Apr  5 01:24:24 PM AEST 2026: Completed kuranda.html (batch4-10)
Sun Apr  5 01:26:52 PM AEST 2026: Completed audwoorabinda1.html (94)
Sun Apr  5 01:30:54 PM AEST 2026: Completed scdescription.html (batch5-31)
Sun Apr  5 01:31:03 PM AEST 2026: Completed scgeneral.html (batch5-32)
Sun Apr  5 01:32:23 PM AEST 2026: Completed audwoorabinda2.html (95)
Sun Apr  5 01:32:35 PM AEST 2026: Completed audyungaburra.html (96)
Sun Apr  5 01:32:49 PM AEST 2026: Completed aurukunvd.html (97)
Sun Apr  5 01:32:57 PM AEST 2026: Completed ayrdischarged.html (98)
Sun Apr  5 01:33:01 PM AEST 2026: Completed scmuster.html (batch5-33)
Sun Apr  5 01:33:03 PM AEST 2026: Completed chendadavale.html (99)
Sun Apr  5 01:40:08 PM AEST 2026: Completed Coloured_Labour_and_Asiatic_Aliens_in_Queensland_1913_3.html (66)
Sun Apr  5 01:40:09 PM AEST 2026: Completed locyarrabah.html (batch4-11)
Sun Apr  5 01:40:45 PM AEST 2026: Completed Some_North_Queensland_Deaths.html (batch5-34)
Sun Apr  5 01:41:15 PM AEST 2026: Completed Stradbroke_Island_Leprosy_register.html (batch5-35)
Sun Apr  5 01:43:43 PM AEST 2026: Completed NAA_J1781_Combined.html (batch4-12)
Sun Apr  5 01:48:06 PM AEST 2026: Completed Peel_Island_Leprosy_Register_1.html (batch4-13)
Sun Apr  5 01:49:35 PM AEST 2026: Completed Coloured_Labour_and_Asiatic_Aliens_in_Queensland_1913_4.html (67)
Sun Apr  5 01:49:59 PM AEST 2026: Completed colseccook.html (68)
Sun Apr  5 01:50:28 PM AEST 2026: Completed colsecfrazer.html (69)
Sun Apr  5 01:51:04 PM AEST 2026: Completed colsecgoondiwindi.html (70)
Sun Apr  5 01:51:12 PM AEST 2026: Completed colsecleyburn.html (71)
Sun Apr  5 01:51:37 PM AEST 2026: Completed Peel_Island_Leprosy_Register_2.html (batch4-14)
Sun Apr  5 01:52:07 PM AEST 2026: Completed Peel_Island_Leprosy_Register_3.html (batch4-15)
Sun Apr  5 01:52:11 PM AEST 2026: Completed colsecmisc1.html (72)
Sun Apr  5 01:52:24 PM AEST 2026: Completed qldbdm.html (batch4-16)
Sun Apr  5 01:53:21 PM AEST 2026: Completed qldbrisbane1.html (batch4-17)
Sun Apr  5 01:53:32 PM AEST 2026: Completed qldchend.html (batch4-18)
Sun Apr  5 01:53:42 PM AEST 2026: Completed qldcolsec.html (batch4-19)
Sun Apr  5 01:53:49 PM AEST 2026: Completed qldcom.html (batch4-20)
Sun Apr  5 01:57:36 PM AEST 2026: Completed colsecmisc2.html (73)
Sun Apr  5 01:57:57 PM AEST 2026: Completed colsecsomerset.html (74)
Sun Apr  5 01:58:14 PM AEST 2026: Completed colsecwarwick.html (75)
Sun Apr  5 02:01:20 PM AEST 2026: Completed Cooktown_Public_Cemetery_-_Some_Extracts_1877_-_1987.html (76)
Sun Apr  5 02:01:54 PM AEST 2026: Completed CPA_Deaths_1920.html (77)
Sun Apr  5 02:03:25 PM AEST 2026: Completed qldcook1.html (batch4-21)
Sun Apr  5 02:03:37 PM AEST 2026: Completed CPA_Deaths_1921.html (78)
Sun Apr  5 02:04:16 PM AEST 2026: Completed qldcook2.html (batch4-22)
Sun Apr  5 02:04:55 PM AEST 2026: Completed CPA_Deaths_1922.html (79)
Sun Apr  5 02:06:15 PM AEST 2026: Completed qldcook3.html (batch4-23)
Sun Apr  5 02:07:17 PM AEST 2026: Completed CPA_Deaths_1923.html (80)
Sun Apr  5 02:07:39 PM AEST 2026: Completed qldcook4.html (batch4-24)
Sun Apr  5 02:08:54 PM AEST 2026: Completed CPA_Deaths_1924.html (81)
Sun Apr  5 02:10:52 PM AEST 2026: Completed CPA_Deaths_1925.html (82)
Sun Apr  5 02:14:01 PM AEST 2026: Completed CPA_Marriage_Correspondence_1900_-_1904.html (83)
Sun Apr  5 02:18:14 PM AEST 2026: Completed CPA_Marriages_-_1905_-_1908.html (84)
Sun Apr  5 02:21:58 PM AEST 2026: Completed qldcookoccur.html (batch4-25)
Sun Apr  5 02:22:04 PM AEST 2026: Completed qldcor.html (batch4-26)
Sun Apr  5 02:22:21 PM AEST 2026: Completed qldcps.html (batch4-27)
Sun Apr  5 02:22:26 PM AEST 2026: Completed qldcwn.html (batch4-28)
Sun Apr  5 02:22:34 PM AEST 2026: Completed qldedu.html (batch4-29)
Sun Apr  5 02:22:41 PM AEST 2026: Completed qldemp.html (batch4-30)
Sun Apr  5 02:22:47 PM AEST 2026: Completed qldexe.html (batch4-31)
Sun Apr  5 02:23:16 PM AEST 2026: Completed qldgaol1.html (batch4-32)
Sun Apr  5 02:32:44 PM AEST 2026: Completed qldgaol2.html (batch4-33)
Sun Apr  5 02:32:52 PM AEST 2026: Completed qldgaol.html (batch4-34)
Sun Apr  5 02:33:22 PM AEST 2026: Completed qldgeneral.html (batch4-35)
Sun Apr  5 02:33:40 PM AEST 2026: Completed qldheal.html (batch4-36)
Sun Apr  5 02:33:48 PM AEST 2026: Completed qldinghamheal.html (batch4-37)
Sun Apr  5 02:35:38 PM AEST 2026: Completed qldlep1953.html (batch4-38)
Sun Apr  5 02:40:59 PM AEST 2026: Completed qldlep1.html (batch4-39)
Sun Apr  5 02:42:36 PM AEST 2026: Completed CPAMarriagesRegister1908-1936.html (85)
Sun Apr  5 02:44:16 PM AEST 2026: Completed qldlep2.html (batch4-40)
Sun Apr  5 02:45:25 PM AEST 2026: Completed emp1898.html (86)
Sun Apr  5 02:49:19 PM AEST 2026: Completed qldlep3.html (batch4-41)
Sun Apr  5 02:49:51 PM AEST 2026: Completed empchillagoe1.html (87)
Sun Apr  5 02:49:53 PM AEST 2026: Completed qldlep4.html (batch4-42)
Sun Apr  5 02:50:20 PM AEST 2026: Completed qldlep5.html (batch4-43)
Sun Apr  5 02:50:49 PM AEST 2026: Completed qldlep6.html (batch4-44)
Sun Apr  5 02:51:13 PM AEST 2026: Completed empherberton1.html (88)
Sun Apr  5 02:51:21 PM AEST 2026: Completed qldloc.html (batch4-45)
Sun Apr  5 02:52:42 PM AEST 2026: Completed empherberton2.html (89)
Sun Apr  5 02:53:06 PM AEST 2026: Completed qldnaacilento.html (batch4-46)
Sun Apr  5 02:54:07 PM AEST 2026: Completed empherberton3.html (90)
Sun Apr  5 02:54:35 PM AEST 2026: Completed qldnaacroll.html (batch4-47)
Sun Apr  5 02:54:51 PM AEST 2026: Completed empherberton4.html (91)
Sun Apr  5 02:55:05 PM AEST 2026: Completed emphughenden1.html (92)
Sun Apr  5 02:55:19 PM AEST 2026: Completed emphughenden2.html (93)
Sun Apr  5 02:55:25 PM AEST 2026: Completed emphughenden3.html (94)
Sun Apr  5 02:56:12 PM AEST 2026: Completed empkuridala1.html (95)
Sun Apr  5 02:57:05 PM AEST 2026: Completed empmareeba1.html (96)
Sun Apr  5 02:57:10 PM AEST 2026: Completed qldnorm1.html (batch4-48)
Sun Apr  5 02:57:43 PM AEST 2026: Completed qldpaladavale.html (batch4-49)
Sun Apr  5 02:58:16 PM AEST 2026: Completed empmountmolloy1.html (97)
Sun Apr  5 02:59:03 PM AEST 2026: Completed empmountmolloy2.html (98)
Sun Apr  5 02:59:32 PM AEST 2026: Completed empmountmolloy3.html (99)
